I'm sorry, but errors were detected in your script. Please correct the
errors listed below, and try again.


File "game/script.rpy", line 71: expected ':' not found.
    menu
        ^

Ren'Py Version: Ren'Py 8.1.3.23091805
Sat Sep 30 00:54:01 2023
